C251 COMPILER V5.60.0,  EM                                                                 07/10/23  15:37:23  PAGE 1   


C251 COMPILER V5.60.0, COMPILATION OF MODULE EM
OBJECT MODULE PLACED IN .\Out_File\EM.obj
COMPILER INVOKED BY: C:\Program Files\keil-5\C251\BIN\C251.EXE ..\CODE\EM.c XSMALL INTR2 WARNINGLEVEL(3) OPTIMIZE(0,SPEE
                    -D) BROWSE INCDIR(..\..\Libraries\libraries;..\..\Libraries\seekfree_libraries;..\..\Libraries\seekfree_peripheral;..\COD
                    -E;..\USER\inc;..\USER\src) DEBUG PRINT(.\Out_File\EM.lst) TABS(2) OBJECT(.\Out_File\EM.obj) 

stmt  level    source

    1          #include "headfile.h"
    2          #include <math.h>
    3          #define  FILTER_N              10
    4          int16 adc[8]={0};    //ADC滤波值
    5          float ADC_Final[8]; //ADC归一化值
    6          //float ADC_ALL,Gap_Val_Across,Sum_Val_Across,Gap_val_Vertical,Sum_Val_Vertical,Gap_val_Vertical_absolute
             -;
    7          float ADC_ALL=0;
    8          int AD_MinValue[8] = {150,150,300,150,300,300,150 ,150};//七路电感最小值
    9          int AD_MaxValue[8] = {2000,2000,3800,2000,4400,3800,2000,2000}; //七路电感最大值
   10          float ADC_L,ADC_LM,ADC_M,ADC_RM,ADC_R,ADC_LD,ADC_RD,ADC_MD;
   11          
   12          void EM_adc()
   13          {
   14   1         
   15   1          uint16 i,j;
   16   1          int filter_temp;
   17   1          //int Left[10],Left_Middle[10],Middle_L[10],Right[10],Right_Middle[10],Middle_R[10],Middle[10], Middle
             -_H[10];
   18   1          int Left_Middle[10],Right_Middle[10],Middle[10];
   19   1          static int adc_last[8]={0};
   20   1          
   21   1          
   22   1          
   23   1          for(i=0;i<10;i++)
   24   1          {      
   25   2              //Left[i]=adc_once(ADC_P11, ADC_12BIT);//采集10次求平均  分辨率12位
   26   2              Left_Middle[i]=adc_once(ADC_P01, ADC_12BIT);//采集10次求平均  分辨率12位
   27   2              //Middle_L[i]=adc_once(ADC_P01, ADC_12BIT); //采集10次求平均  分辨率12位
   28   2              //Middle_H[i]=adc_once(ADC_P00, ADC_12BIT);//采集10次求平均  分辨率12位
   29   2              Middle[i]=adc_once(ADC_P05, ADC_12BIT);//采集10次求平均  分辨率12位
   30   2              //Middle_R[i]=adc_once(ADC_P14, ADC_12BIT);//采集10次求平均  分辨率12位
   31   2              Right_Middle[i]=adc_once(ADC_P00, ADC_12BIT);//采集10次求平均  分辨率12位
   32   2              //Right[i]=adc_once(ADC_P16, ADC_12BIT);  //采集10次求平均  分辨率12位
   33   2          }
   34   1      
   35   1          // 采样值从小到大排列（冒泡法）
   36   1          
   37   1          
   38   1          //左横
   39   1        //  for(j = 0; j < 10 - 1; j++)
   40   1        //  {
   41   1        //      for(i = 0; i < 10 - 1 - j; i++)
   42   1        //      {
   43   1        //          if(Left[i] > Left[i + 1])
   44   1         //         {
   45   1        //              filter_temp = Left[i];
   46   1        //              Left[i] = Left[i + 1];
   47   1         //             Left[i + 1] = filter_temp;
   48   1        //          }
   49   1        //      }
   50   1       //   }
   51   1          //左竖
   52   1          for(j = 0; j < 10 - 1; j++)
   53   1          {
   54   2              for(i = 0; i < 10 - 1 - j; i++)
   55   2              {
C251 COMPILER V5.60.0,  EM                                                                 07/10/23  15:37:23  PAGE 2   

   56   3                  if(Left_Middle[i] > Left_Middle[i + 1])
   57   3                  {
   58   4                      filter_temp = Left_Middle[i];
   59   4                      Left_Middle[i] = Left_Middle[i + 1];
   60   4                      Left_Middle[i + 1] = filter_temp;
   61   4                  }
   62   3              }
   63   2          }
   64   1          //左中
   65   1        //  for(j = 0; j < 10 - 1; j++)
   66   1        //  {
   67   1          //    for(i = 0; i < 10 - 1 - j; i++)
   68   1            //  {
   69   1              //    if(Middle_L[i] > Middle_L[i + 1])
   70   1                //  {
   71   1                  //    filter_temp = Middle_L[i];
   72   1                    //  Middle_L[i] = Middle_L[i + 1];
   73   1                   //   Middle_L[i + 1] = filter_temp;
   74   1                 // }
   75   1             // }
   76   1         // }
   77   1          //中
   78   1           for(j = 0; j < 10 - 1; j++)
   79   1         {
   80   2             for(i = 0; i < 10 - 1 - j; i++)
   81   2             {
   82   3                  if(Middle[i] > Middle[i + 1])
   83   3                  {
   84   4                      filter_temp = Middle[i];
   85   4                      Middle[i] = Middle[i + 1];
   86   4                      Middle[i + 1] = filter_temp;
   87   4                  }
   88   3              }
   89   2          }
   90   1            //中
   91   1      //     for(j = 0; j < 10 - 1; j++)
   92   1      //     {
   93   1      //        for(i = 0; i < 10 - 1 - j; i++)
   94   1      //        {
   95   1      //            if(Middle_H[i] > Middle_H[i + 1])
   96   1      //            {
   97   1      //                filter_temp = Middle_H[i];
   98   1      //                Middle_H[i] = Middle_H[i + 1];
   99   1      //                Middle_H[i + 1] = filter_temp;
  100   1      //            }
  101   1      //        }
  102   1      //    }
  103   1          //右中
  104   1      //    for(j = 0; j < 10 - 1; j++)
  105   1      //    {
  106   1      //        for(i = 0; i < 10 - 1 - j; i++)
  107   1      //        {
  108   1      //            if(Middle_R[i] > Middle_R[i + 1])
  109   1      //            {
  110   1      //                filter_temp = Middle_R[i];
  111   1      //                Middle_R[i] = Middle_R[i + 1];
  112   1      //                Middle_R[i + 1] = filter_temp;
  113   1      //            }
  114   1      //        }
  115   1      //    }
  116   1          //右竖
  117   1          for(j = 0; j < 10 - 1; j++)
  118   1          {
  119   2              for(i = 0; i < 10 - 1 - j; i++)
  120   2              {
  121   3                  if(Right_Middle[i] > Right_Middle[i + 1])
C251 COMPILER V5.60.0,  EM                                                                 07/10/23  15:37:23  PAGE 3   

  122   3                  {
  123   4                      filter_temp = Right_Middle[i];
  124   4                      Right_Middle[i] = Right_Middle[i + 1];
  125   4                      Right_Middle[i + 1] = filter_temp;
  126   4                  }
  127   3              }
  128   2          }
  129   1          //右横
  130   1      //    for(j = 0; j < 10 - 1; j++)
  131   1      //    {
  132   1      //        for(i = 0; i < 10 - 1 - j; i++)
  133   1      //        {
  134   1      //            if(Right[i] > Right[i + 1])
  135   1      //            {
  136   1      //               filter_temp = Right[i];
  137   1      //                Right[i] = Right[i + 1];
  138   1      //                Right[i + 1] = filter_temp;
  139   1      //            }
  140   1      //        }
  141   1      //    }
  142   1        
  143   1         /////////////////////////////冒泡排序完成///////////////////////////////////////////////
  144   1      
  145   1          // 去除最大最小极值后求平均
  146   1          for(i = 1; i < 10 - 1; i++)
  147   1          {
  148   2      //      adc[0] += Left[i];
  149   2            adc[1] += Left_Middle[i];
  150   2      //      adc[2] += Middle_L[i];
  151   2      //      adc[3] += Middle_H[i];
  152   2            adc[4] += Middle[i];
  153   2      //      adc[5] += Middle_R[i];
  154   2            adc[6] += Right_Middle[i];
  155   2      //      adc[7] += Right[i];
  156   2          }
  157   1      //    adc[0] = adc[0] /8;
  158   1          adc[1] = adc[1] /8;
  159   1      //    adc[2] = adc[2] /8;
  160   1      //    adc[3] = adc[3] /8;
  161   1          adc[4] = adc[4] /8;
  162   1      //    adc[5] = adc[5] /8;
  163   1          adc[6] = adc[6] /8;
  164   1      //    adc[7] = adc[7] /8;
  165   1      //    if(adc[2]>4000)adc[2]=4000;
  166   1      //    if(adc[5]>4000)adc[5]=4000;
  167   1      //    if(adc[2]<0)adc[2]=adc_last[2];
  168   1      //    if(adc[5]<0)adc[5]=adc_last[5];
  169   1      //    adc_last[2]=adc[2];
  170   1      //    adc_last[5]=adc[5];
  171   1      }
  172            void ADC_Normalization1(int16 AD_Sensor[])
  173          {
  174   1          float AD_Normalized[8];
  175   1          uint8 i;
  176   1          for(i=0;i<8;i++)
  177   1          {      
  178   2            AD_Normalized[i]=(float)(AD_Sensor[i]-AD_MinValue[i])/(float)(AD_MaxValue[i]-AD_MinValue[i]);
  179   2            if(AD_Normalized[i]<=0.0)
  180   2            {
  181   3              AD_Normalized[i]=0.001;
  182   3            }
  183   2            if(AD_Normalized[i]>1.0)
  184   2            {
  185   3              AD_Normalized[i]=1.0;
  186   3            }
  187   2            AD_Normalized[i]=100 * AD_Normalized[i];
C251 COMPILER V5.60.0,  EM                                                                 07/10/23  15:37:23  PAGE 4   

  188   2            ADC_Final[i]=AD_Normalized[i];
  189   2          }   
  190   1          ADC_L=ADC_Final[0];
  191   1          ADC_LM=ADC_Final[1];
  192   1          ADC_LD=ADC_Final[2];
  193   1          ADC_M=ADC_Final[3];
  194   1          ADC_MD=ADC_Final[4];
  195   1          ADC_RD=ADC_Final[5];
  196   1          ADC_RM=ADC_Final[6];
  197   1          ADC_R=ADC_Final[7];
  198   1          
  199   1      //    Gap_Val_Across=ADC_L-ADC_R;
  200   1      //    Sum_Val_Across=ADC_L+ADC_R;
  201   1      //    Gap_val_Vertical=ADC_LM-ADC_RM;
  202   1      //    Sum_Val_Vertical=ADC_LM+ADC_RM;
  203   1      //    Gap_val_Vertical_absolute=abs(Gap_val_Vertical);
  204   1          ADC_ALL=ADC_LM+ADC_MD+ADC_RM;
  205   1            
  206   1      }
  207          
  208          
  209          
  210          
  211          //***************************//
  212          //***********红外线adc*******//
  213          //***************************//
  214          
  215          
  216          
  217          
  218          
  219          double  AD_M_Right=0,AD_M_Lift=0;
  220          double  RightAverage=0,LeftAverage=0;
  221          double  distance,distance_L,distance_R;
  222          int16   RightADC[20],LeftADC[20]; 
  223          
  224          
  225          
  226          
  227          
  228          
  229          void infrared_detection()
  230          {  
  231   1         int i;
  232   1         int Right_Sum=0,Left_Sum=0;
  233   1         for(i=0;i<20;i++)
  234   1          {   
  235   2              LeftADC[i]=adc_once(ADC_P06, ADC_12BIT);   
  236   2              Left_Sum+=LeftADC[i];
  237   2              RightADC[i]=adc_once(ADC_P05, ADC_12BIT);  
  238   2              Right_Sum+=RightADC[i];
  239   2          }
  240   1          LeftAverage=Left_Sum/20;
  241   1          RightAverage=Right_Sum/20; 
  242   1          AD_M_Lift =LeftAverage*3.30/4096;
  243   1          AD_M_Right=RightAverage*3.30/4096;
  244   1       
  245   1       distance_L=26.481*pow(AD_M_Lift,(-1.05));   
  246   1       distance_R=26.481*pow(AD_M_Right,(-1.05));   
  247   1       
  248   1       if(distance_L>150.00) distance_L=150.00;        
  249   1       if(distance_L<20.00) distance_L=20.00;
  250   1       if(distance_R>150.00) distance_R=150.00;        
  251   1       if(distance_R<20.00) distance_R=20.00;
  252   1          
  253   1          distance=(distance_L+distance_R)*0.5;
C251 COMPILER V5.60.0,  EM                                                                 07/10/23  15:37:23  PAGE 5   

  254   1      //      if(distance_L-distance_R>5)distance=distance_R;
  255   1      //        if(distance_R-distance_L>5)distance=distance_L;
  256   1              
  257   1      
  258   1      }
  259           float Filter(ADCN_enum adcn, ADCRES_enum resolution) {
  260   1        int     i, j;
  261   1        int     filter_temp, filter_sum = 0;
  262   1        int     filter_buf[FILTER_N];
  263   1        for (i = 0; i < FILTER_N; i++) {
  264   2          filter_buf[i] = adc_once(adcn,resolution);
  265   2        }
  266   1        // 采样值从小到大排列（冒泡法）
  267   1        for (j = 0; j < FILTER_N - 1; j++) {
  268   2          for (i = 0; i < FILTER_N - 1 - j; i++) {
  269   3            if (filter_buf[i] > filter_buf[i + 1]) {
  270   4              filter_temp = filter_buf[i];
  271   4              filter_buf[i] = filter_buf[i + 1];
  272   4              filter_buf[i + 1] = filter_temp;
  273   4            }
  274   3          }
  275   2        }
  276   1        for (i = 1; i < FILTER_N - 1; i++) filter_sum += filter_buf[i];
  277   1        return (float)filter_sum / (FILTER_N - 2);
  278   1      }


Module Information          Static   Overlayable
------------------------------------------------
  code size            =      2053     ------
  ecode size           =    ------     ------
  data size            =    ------     ------
  idata size           =    ------     ------
  pdata size           =    ------     ------
  xdata size           =    ------     ------
  xdata-const size     =    ------     ------
  edata size           =       381     ------
  bit size             =    ------     ------
  ebit size            =    ------     ------
  bitaddressable size  =    ------     ------
  ebitaddressable size =    ------     ------
  far data size        =    ------     ------
  huge data size       =    ------     ------
  const size           =    ------     ------
  hconst size          =       120     ------
End of Module Information.


C251 COMPILATION COMPLETE.  0 WARNING(S),  0 ERROR(S)
